// Jest Snapshot v1, https://goo.gl/fbAQLP

exports[`should render DashboardPage correctly 1`] = `
<Fragment>
  <Connect(ExpensesFilters) />
  <Connect(ExpensesSummery) />
  <Connect(ExpensesList) />
</Fragment>
`;
