// Jest Snapshot v1, https://goo.gl/fbAQLP

exports[`should match the snapShot 1`] = `
<Fragment>
  <p>
    the page you are looking for, does not exist in our servers. if u disagree, contact our support staff.
  </p>
  <button
    onClick={[Function]}
  >
    Go Home
  </button>
</Fragment>
`;
